// Jest Snapshot v1, https://goo.gl/fbAQLP

exports[`(Component) renders without exploding 1`] = `<div />`;
